#limsa.are
vortex.are
haunt.are
abbey.are
mossflower.are
redwall.are
#ancisorc.are
looney.are
solace.are
shoikan.are
smurf.are
strange.are
weaponfa.are
underdrk.are
monopoly.are
school.are
wyvern.are
sewer.are
eilyndrae.are
tohell.are
valley.are
thalos.are
kobold.are
library.are
holycity.are
portals.are
legion.are
oran.are
itower.are
nataris.are
arctic.are
collimator.are
morgan.are
river.are
insane.are
divsouls.are
drakyri.are
doom.are
camelot.are
grail.are
darkness.are
chess.are
4tower.are
budo.are
crystal.are
newofcol.are
limbo.are
#outhouse.are
plains.are
haon.are
air.are
gilligan.are
canyon.are
catacomb.are
chapel.are
draconia.are
dream.are
drow.are
immort.are
midgaard.are
player.are
daycare.are
dwarven.are
dylan.are
eastern.are
galaxy.are
gnome.are
grave.are
grove.are
hitower.are
mahntor.are
marsh.are
mega1.are
midennir.are
mobfact.are
moria.are
newthalos.are
nirvana.are
ofcol.are
olympus.are
pyramid.are
arena.are
crush.are
pirates.are
crazy.are
flaming.are
deadly.are
oldthalos.are
shire.are
trollden.are
cathouse.are
torayna.are
twilite.are
barena.are
vegita.are
clans/vamphyri/Seraph.are
clans/kindred/kindred.are
clans/order/bluerose.are
clans/rebel/rebel.are
clans/blackclaw/blakclaw.are
warp.are
testarea.are
$

